2025-11-21 07:33:00 | INFO | repo=2017-course-sys-int-osgi-seminar | action=edit | files=4
2025-04-17 07:19:00 | INFO | repo=2017-course-sys-int-osgi-seminar | action=commit
2025-01-26 18:07:00 | DEBUG | repo=2017-course-sys-int-osgi-seminar | action=commit
2025-07-21 12:45:00 | DEBUG | repo=2017-course-sys-int-osgi-seminar | action=commit
2025-09-14 21:59:00 | WARN | repo=2017-course-sys-int-osgi-seminar | action=edit | files=4
2025-07-15 15:40:00 | INFO | repo=2017-course-sys-int-osgi-seminar | action=commit
2025-11-16 15:41:00 | DEBUG | repo=2017-course-sys-int-osgi-seminar | action=pull
2025-11-25 09:29:00 | DEBUG | repo=2017-course-sys-int-osgi-seminar | action=commit
2025-02-15 11:58:00 | WARN | repo=2017-course-sys-int-osgi-seminar | action=pull
2025-06-04 14:26:00 | WARN | repo=2017-course-sys-int-osgi-seminar | action=test | passed=true
2025-11-21 08:07:00 | DEBUG | repo=2017-course-sys-int-osgi-seminar | action=commit
2025-09-08 19:00:00 | WARN | repo=2017-course-sys-int-osgi-seminar | action=edit | files=3
2025-08-27 19:33:00 | DEBUG | repo=2017-course-sys-int-osgi-seminar | action=commit
2025-04-23 11:51:00 | DEBUG | repo=2017-course-sys-int-osgi-seminar | action=commit
2025-11-18 08:24:00 | DEBUG | repo=2017-course-sys-int-osgi-seminar | action=commit
2025-05-06 14:38:00 | WARN | repo=2017-course-sys-int-osgi-seminar | action=commit
2025-10-27 20:23:00 | WARN | repo=2017-course-sys-int-osgi-seminar | action=commit
2025-09-21 15:47:00 | DEBUG | repo=2017-course-sys-int-osgi-seminar | action=commit
2025-10-01 07:09:00 | INFO | repo=2017-course-sys-int-osgi-seminar | action=edit | files=3
2025-07-06 10:02:00 | WARN | repo=2017-course-sys-int-osgi-seminar | action=commit
2025-03-01 17:09:00 | DEBUG | repo=2017-course-sys-int-osgi-seminar | action=commit
